Copyright 1986-2020 Xilinx, Inc. All Rights Reserved.
--------------------------------------------------------------------------------------------
| Tool Version : Vivado v.2020.2 (win64) Build 3064766 Wed Nov 18 09:12:45 MST 2020
| Date         : Mon Jun 22 13:11:29 2026
| Host         : DESKTOP-F81OJT8 running 64-bit major release  (build 9200)
| Command      : report_timing_summary -file R:/reports/final_bitstream/gru_impl_timing.rpt
| Design       : gru_fall_detector_top
| Device       : 7a35t-cpg236
| Speed File   : -1  PRODUCTION 1.23 2018-06-13
--------------------------------------------------------------------------------------------

Timing Summary Report

------------------------------------------------------------------------------------------------
| Timer Settings
| --------------
------------------------------------------------------------------------------------------------

  Enable Multi Corner Analysis               :  Yes
  Enable Pessimism Removal                   :  Yes
  Pessimism Removal Resolution               :  Nearest Common Node
  Enable Input Delay Default Clock           :  No
  Enable Preset / Clear Arcs                 :  No
  Disable Flight Delays                      :  No
  Ignore I/O Paths                           :  No
  Timing Early Launch at Borrowing Latches   :  No
  Borrow Time for Max Delay Exceptions       :  Yes
  Merge Timing Exceptions                    :  Yes

  Corner  Analyze    Analyze    
  Name    Max Paths  Min Paths  
  ------  ---------  ---------  
  Slow    Yes        Yes        
  Fast    Yes        Yes        



check_timing report

Table of Contents
-----------------
1. checking no_clock (0)
2. checking constant_clock (0)
3. checking pulse_width_clock (0)
4. checking unconstrained_internal_endpoints (0)
5. checking no_input_delay (2)
6. checking no_output_delay (13)
7. checking multiple_clock (0)
8. checking generated_clocks (0)
9. checking loops (0)
10. checking partial_input_delay (0)
11. checking partial_output_delay (0)
12. checking latch_loops (0)

1. checking no_clock (0)
------------------------
 There are 0 register/latch pins with no clock.


2. checking constant_clock (0)
------------------------------
 There are 0 register/latch pins with constant_clock.


3. checking pulse_width_clock (0)
---------------------------------
 There are 0 register/latch pins which need pulse_width check


4. checking unconstrained_internal_endpoints (0)
------------------------------------------------
 There are 0 pins that are not constrained for maximum delay.

 There are 0 pins that are not constrained for maximum delay due to constant clock.


5. checking no_input_delay (2)
------------------------------
 There are 2 input ports with no input delay specified. (HIGH)

 There are 0 input ports with no input delay but user has a false path constraint.


6. checking no_output_delay (13)
--------------------------------
 There are 13 ports with no output delay specified. (HIGH)

 There are 0 ports with no output delay but user has a false path constraint

 There are 0 ports with no output delay but with a timing clock defined on it or propagating through it


7. checking multiple_clock (0)
------------------------------
 There are 0 register/latch pins with multiple clocks.


8. checking generated_clocks (0)
--------------------------------
 There are 0 generated clocks that are not connected to a clock source.


9. checking loops (0)
---------------------
 There are 0 combinational loops in the design.


10. checking partial_input_delay (0)
------------------------------------
 There are 0 input ports with partial input delay specified.


11. checking partial_output_delay (0)
-------------------------------------
 There are 0 ports with partial output delay specified.


12. checking latch_loops (0)
----------------------------
 There are 0 combinational latch loops in the design through latch input



------------------------------------------------------------------------------------------------
| Design Timing Summary
| ---------------------
------------------------------------------------------------------------------------------------

    WNS(ns)      TNS(ns)  TNS Failing Endpoints  TNS Total Endpoints      WHS(ns)      THS(ns)  THS Failing Endpoints  THS Total Endpoints     WPWS(ns)     TPWS(ns)  TPWS Failing Endpoints  TPWS Total Endpoints  
    -------      -------  ---------------------  -------------------      -------      -------  ---------------------  -------------------     --------     --------  ----------------------  --------------------  
      0.127        0.000                      0                12115        0.055        0.000                      0                12115        3.750        0.000                       0                  4617  


All user specified timing constraints are met.


------------------------------------------------------------------------------------------------
| Clock Summary
| -------------
------------------------------------------------------------------------------------------------

Clock        Waveform(ns)       Period(ns)      Frequency(MHz)
-----        ------------       ----------      --------------
sys_clk_pin  {0.000 5.000}      10.000          100.000         


------------------------------------------------------------------------------------------------
| Intra Clock Table
| -----------------
------------------------------------------------------------------------------------------------

Clock             WNS(ns)      TNS(ns)  TNS Failing Endpoints  TNS Total Endpoints      WHS(ns)      THS(ns)  THS Failing Endpoints  THS Total Endpoints     WPWS(ns)     TPWS(ns)  TPWS Failing Endpoints  TPWS Total Endpoints  
-----             -------      -------  ---------------------  -------------------      -------      -------  ---------------------  -------------------     --------     --------  ----------------------  --------------------  
sys_clk_pin         0.127        0.000                      0                12115        0.055        0.000                      0                12115        3.750        0.000                       0                  4617  


------------------------------------------------------------------------------------------------
| Inter Clock Table
| -----------------
------------------------------------------------------------------------------------------------

From Clock    To Clock          WNS(ns)      TNS(ns)  TNS Failing Endpoints  TNS Total Endpoints      WHS(ns)      THS(ns)  THS Failing Endpoints  THS Total Endpoints  
----------    --------          -------      -------  ---------------------  -------------------      -------      -------  ---------------------  -------------------  


------------------------------------------------------------------------------------------------
| Other Path Groups Table
| -----------------------
------------------------------------------------------------------------------------------------

Path Group    From Clock    To Clock          WNS(ns)      TNS(ns)  TNS Failing Endpoints  TNS Total Endpoints      WHS(ns)      THS(ns)  THS Failing Endpoints  THS Total Endpoints  
----------    ----------    --------          -------      -------  ---------------------  -------------------      -------      -------  ---------------------  -------------------  


------------------------------------------------------------------------------------------------
| Timing Details
| --------------
------------------------------------------------------------------------------------------------


---------------------------------------------------------------------------------------------------
From Clock:  sys_clk_pin
  To Clock:  sys_clk_pin

Setup :            0  Failing Endpoints,  Worst Slack        0.127ns,  Total Violation        0.000ns
Hold  :            0  Failing Endpoints,  Worst Slack        0.055ns,  Total Violation        0.000ns
PW    :            0  Failing Endpoints,  Worst Slack        3.750ns,  Total Violation        0.000ns
---------------------------------------------------------------------------------------------------


Max Delay Paths
--------------------------------------------------------------------------------------
Slack (MET) :             0.127ns  (required time - arrival time)
  Source:                 u_gru_chunk_decision/motion_pairs_reg[2]/C
                            (rising edge-triggered cell FDRE clocked by sys_clk_pin  {rise@0.000ns fall@5.000ns period=10.000ns})
  Destination:            u_gru_chunk_decision/fall_alert_reg/D
                            (rising edge-triggered cell FDRE clocked by sys_clk_pin  {rise@0.000ns fall@5.000ns period=10.000ns})
  Path Group:             sys_clk_pin
  Path Type:              Setup (Max at Slow Process Corner)
  Requirement:            10.000ns  (sys_clk_pin rise@10.000ns - sys_clk_pin rise@0.000ns)
  Data Path Delay:        9.832ns  (logic 6.975ns (70.944%)  route 2.857ns (29.057%))
  Logic Levels:           14  (CARRY4=9 DSP48E1=1 LUT2=1 LUT4=1 LUT5=2)
  Clock Path Skew:        -0.037ns (DCD - SCD + CPR)
    Destination Clock Delay (DCD):    4.793ns = ( 14.793 - 10.000 ) 
    Source Clock Delay      (SCD):    5.090ns
    Clock Pessimism Removal (CPR):    0.260ns
  Clock Uncertainty:      0.035ns  ((TSJ^2 + TIJ^2)^1/2 + DJ) / 2 + PE
    Total System Jitter     (TSJ):    0.071ns
    Total Input Jitter      (TIJ):    0.000ns
    Discrete Jitter          (DJ):    0.000ns
    Phase Error              (PE):    0.000ns

    Location             Delay type                Incr(ns)  Path(ns)    Netlist Resource(s)
  -------------------------------------------------------------------    -------------------
                         (clock sys_clk_pin rise edge)
                                                      0.000     0.000 r  
    W5                                                0.000     0.000 r  clk (IN)
                         net (fo=0)                   0.000     0.000    clk
    W5                   IBUF (Prop_ibuf_I_O)         1.458     1.458 r  clk_IBUF_inst/O
                         net (fo=1, routed)           1.967     3.425    clk_IBUF
    BUFGCTRL_X0Y0        BUFG (Prop_bufg_I_O)         0.096     3.521 r  clk_IBUF_BUFG_inst/O
                         net (fo=4618, routed)        1.569     5.090    u_gru_chunk_decision/clk_IBUF_BUFG
    SLICE_X52Y40         FDRE                                         r  u_gru_chunk_decision/motion_pairs_reg[2]/C
  -------------------------------------------------------------------    -------------------
    SLICE_X52Y40         FDRE (Prop_fdre_C_Q)         0.518     5.608 r  u_gru_chunk_decision/motion_pairs_reg[2]/Q
                         net (fo=2, routed)           0.678     6.287    u_gru_chunk_decision/motion_pairs[2]
    SLICE_X53Y40         LUT2 (Prop_lut2_I0_O)        0.124     6.411 r  u_gru_chunk_decision/motion_pairs[3]_i_3/O
                         net (fo=1, routed)           0.000     6.411    u_gru_chunk_decision/motion_pairs[3]_i_3_n_0
    SLICE_X53Y40         CARRY4 (Prop_carry4_S[2]_CO[3])
                                                      0.398     6.809 r  u_gru_chunk_decision/motion_pairs_reg[3]_i_1/CO[3]
                         net (fo=1, routed)           0.000     6.809    u_gru_chunk_decision/motion_pairs_reg[3]_i_1_n_0
    SLICE_X53Y41         CARRY4 (Prop_carry4_CI_CO[3])
                                                      0.114     6.923 r  u_gru_chunk_decision/motion_pairs_reg[7]_i_1/CO[3]
                         net (fo=1, routed)           0.000     6.923    u_gru_chunk_decision/motion_pairs_reg[7]_i_1_n_0
    SLICE_X53Y42         CARRY4 (Prop_carry4_CI_CO[3])
                                                      0.114     7.037 r  u_gru_chunk_decision/motion_pairs_reg[11]_i_1/CO[3]
                         net (fo=1, routed)           0.000     7.037    u_gru_chunk_decision/motion_pairs_reg[11]_i_1_n_0
    SLICE_X53Y43         CARRY4 (Prop_carry4_CI_O[1])
                                                      0.334     7.371 r  u_gru_chunk_decision/motion_pairs_reg[15]_i_2/O[1]
                         net (fo=5, routed)           0.570     7.940    u_gru_chunk_decision/final_motion_pairs[13]
    DSP48_X1Y16          DSP48E1 (Prop_dsp48e1_A[13]_P[1])
                                                      4.020    11.960 r  u_gru_chunk_decision/motion_threshold_total/P[1]
                         net (fo=2, routed)           0.849    12.810    u_gru_chunk_decision/motion_threshold_total__0[1]
    SLICE_X54Y40         LUT4 (Prop_lut4_I1_O)        0.124    12.934 r  u_gru_chunk_decision/motion_condition0_carry_i_8/O
                         net (fo=1, routed)           0.000    12.934    u_gru_chunk_decision/motion_condition0_carry_i_8_n_0
    SLICE_X54Y40         CARRY4 (Prop_carry4_S[0]_CO[3])
                                                      0.513    13.447 r  u_gru_chunk_decision/motion_condition0_carry/CO[3]
                         net (fo=1, routed)           0.000    13.447    u_gru_chunk_decision/motion_condition0_carry_n_0
    SLICE_X54Y41         CARRY4 (Prop_carry4_CI_CO[3])
                                                      0.117    13.564 r  u_gru_chunk_decision/motion_condition0_carry__0/CO[3]
                         net (fo=1, routed)           0.000    13.564    u_gru_chunk_decision/motion_condition0_carry__0_n_0
    SLICE_X54Y42         CARRY4 (Prop_carry4_CI_CO[3])
                                                      0.117    13.681 r  u_gru_chunk_decision/motion_condition0_carry__1/CO[3]
                         net (fo=1, routed)           0.000    13.681    u_gru_chunk_decision/motion_condition0_carry__1_n_0
    SLICE_X54Y43         CARRY4 (Prop_carry4_CI_CO[3])
                                                      0.117    13.798 r  u_gru_chunk_decision/motion_condition0_carry__2/CO[3]
                         net (fo=1, routed)           0.000    13.798    u_gru_chunk_decision/motion_condition0_carry__2_n_0
    SLICE_X54Y44         CARRY4 (Prop_carry4_CI_CO[3])
                                                      0.117    13.915 r  u_gru_chunk_decision/motion_condition0_carry__3/CO[3]
                         net (fo=3, routed)           0.608    14.523    u_gru_chunk_decision/motion_condition0
    SLICE_X55Y43         LUT5 (Prop_lut5_I4_O)        0.124    14.647 f  u_gru_chunk_decision/class_latched_i_7/O
                         net (fo=1, routed)           0.151    14.798    u_gru_chunk_decision/class_latched_i_7_n_0
    SLICE_X55Y43         LUT5 (Prop_lut5_I2_O)        0.124    14.922 r  u_gru_chunk_decision/fall_alert_i_1_comp/O
                         net (fo=1, routed)           0.000    14.922    u_gru_chunk_decision/fall_alert_i_1_n_0
    SLICE_X55Y43         FDRE                                         r  u_gru_chunk_decision/fall_alert_reg/D
  -------------------------------------------------------------------    -------------------

                         (clock sys_clk_pin rise edge)
                                                     10.000    10.000 r  
    W5                                                0.000    10.000 r  clk (IN)
                         net (fo=0)                   0.000    10.000    clk
    W5                   IBUF (Prop_ibuf_I_O)         1.388    11.388 r  clk_IBUF_inst/O
                         net (fo=1, routed)           1.862    13.250    clk_IBUF
    BUFGCTRL_X0Y0        BUFG (Prop_bufg_I_O)         0.091    13.341 r  clk_IBUF_BUFG_inst/O
                         net (fo=4618, routed)        1.452    14.793    u_gru_chunk_decision/clk_IBUF_BUFG
    SLICE_X55Y43         FDRE                                         r  u_gru_chunk_decision/fall_alert_reg/C
                         clock pessimism              0.260    15.053    
                         clock uncertainty           -0.035    15.018    
    SLICE_X55Y43         FDRE (Setup_fdre_C_D)        0.031    15.049    u_gru_chunk_decision/fall_alert_reg
  -------------------------------------------------------------------
                         required time                         15.049    
                         arrival time                         -14.922    
  -------------------------------------------------------------------
                         slack                                  0.127    





Min Delay Paths
--------------------------------------------------------------------------------------
Slack (MET) :             0.055ns  (arrival time - required time)
  Source:                 u_gru_motion_tracker/joint_dy_reg[5]/C
                            (rising edge-triggered cell FDRE clocked by sys_clk_pin  {rise@0.000ns fall@5.000ns period=10.000ns})
  Destination:            u_gru_motion_tracker/joint_min_reg[5]/D
                            (rising edge-triggered cell FDRE clocked by sys_clk_pin  {rise@0.000ns fall@5.000ns period=10.000ns})
  Path Group:             sys_clk_pin
  Path Type:              Hold (Min at Fast Process Corner)
  Requirement:            0.000ns  (sys_clk_pin rise@0.000ns - sys_clk_pin rise@0.000ns)
  Data Path Delay:        0.427ns  (logic 0.209ns (48.953%)  route 0.218ns (51.047%))
  Logic Levels:           1  (LUT3=1)
  Clock Path Skew:        0.265ns (DCD - SCD - CPR)
    Destination Clock Delay (DCD):    1.957ns
    Source Clock Delay      (SCD):    1.443ns
    Clock Pessimism Removal (CPR):    0.249ns

    Location             Delay type                Incr(ns)  Path(ns)    Netlist Resource(s)
  -------------------------------------------------------------------    -------------------
                         (clock sys_clk_pin rise edge)
                                                      0.000     0.000 r  
    W5                                                0.000     0.000 r  clk (IN)
                         net (fo=0)                   0.000     0.000    clk
    W5                   IBUF (Prop_ibuf_I_O)         0.226     0.226 r  clk_IBUF_inst/O
                         net (fo=1, routed)           0.631     0.858    clk_IBUF
    BUFGCTRL_X0Y0        BUFG (Prop_bufg_I_O)         0.026     0.884 r  clk_IBUF_BUFG_inst/O
                         net (fo=4618, routed)        0.560     1.443    u_gru_motion_tracker/clk_IBUF_BUFG
    SLICE_X34Y38         FDRE                                         r  u_gru_motion_tracker/joint_dy_reg[5]/C
  -------------------------------------------------------------------    -------------------
    SLICE_X34Y38         FDRE (Prop_fdre_C_Q)         0.164     1.607 r  u_gru_motion_tracker/joint_dy_reg[5]/Q
                         net (fo=4, routed)           0.218     1.825    u_gru_motion_tracker/joint_dy_reg_n_0_[5]
    SLICE_X36Y38         LUT3 (Prop_lut3_I0_O)        0.045     1.870 r  u_gru_motion_tracker/joint_min[5]_i_1/O
                         net (fo=1, routed)           0.000     1.870    u_gru_motion_tracker/joint_min[5]_i_1_n_0
    SLICE_X36Y38         FDRE                                         r  u_gru_motion_tracker/joint_min_reg[5]/D
  -------------------------------------------------------------------    -------------------

                         (clock sys_clk_pin rise edge)
                                                      0.000     0.000 r  
    W5                                                0.000     0.000 r  clk (IN)
                         net (fo=0)                   0.000     0.000    clk
    W5                   IBUF (Prop_ibuf_I_O)         0.414     0.414 r  clk_IBUF_inst/O
                         net (fo=1, routed)           0.685     1.099    clk_IBUF
    BUFGCTRL_X0Y0        BUFG (Prop_bufg_I_O)         0.029     1.128 r  clk_IBUF_BUFG_inst/O
                         net (fo=4618, routed)        0.830     1.957    u_gru_motion_tracker/clk_IBUF_BUFG
    SLICE_X36Y38         FDRE                                         r  u_gru_motion_tracker/joint_min_reg[5]/C
                         clock pessimism             -0.249     1.708    
    SLICE_X36Y38         FDRE (Hold_fdre_C_D)         0.107     1.815    u_gru_motion_tracker/joint_min_reg[5]
  -------------------------------------------------------------------
                         required time                         -1.815    
                         arrival time                           1.870    
  -------------------------------------------------------------------
                         slack                                  0.055    





Pulse Width Checks
--------------------------------------------------------------------------------------
Clock Name:         sys_clk_pin
Waveform(ns):       { 0.000 5.000 }
Period(ns):         10.000
Sources:            { clk }

Check Type        Corner  Lib Pin      Reference Pin  Required(ns)  Actual(ns)  Slack(ns)  Location      Pin
Min Period        n/a     DSP48E1/CLK  n/a            3.884         10.000      6.116      DSP48_X1Y15   u_gru_motion_tracker/pending_frame_mean_q14_reg/CLK
Low Pulse Width   Slow    RAMD64E/CLK  n/a            1.250         5.000       3.750      SLICE_X46Y8   u_gru_fixed_core/input_mem_reg_0_63_0_2/RAMA/CLK
High Pulse Width  Slow    RAMD64E/CLK  n/a            1.250         5.000       3.750      SLICE_X50Y19  u_gru_fixed_core/input_mem_reg_0_63_12_14/RAMA/CLK



